exports[`test component sample test 1`] = `
<div>
  foo
</div>
`;
